../Core/Src/main.c:94:5:main	8	static
../Core/Src/main.c:156:6:SystemClock_Config	88	static
../Core/Src/main.c:198:13:MX_ADC1_Init	24	static
../Core/Src/main.c:250:13:MX_DFSDM2_Init	8	static
../Core/Src/main.c:367:13:MX_TIM1_Init	96	static
../Core/Src/main.c:450:13:MX_TIM2_Init	32	static
../Core/Src/main.c:495:13:MX_TIM3_Init	32	static
../Core/Src/main.c:547:13:MX_TIM4_Init	64	static
../Core/Src/main.c:606:13:MX_UART4_Init	8	static
../Core/Src/main.c:639:13:MX_GPIO_Init	48	static
../Core/Src/main.c:689:13:PWM_Init	4	static
../Core/Src/main.c:726:13:PWM_Enable	4	static
../Core/Src/main.c:733:6:TransmitDFSDMValue	16	static
../Core/Src/main.c:751:6:HAL_TIM_PeriodElapsedCallback	16	static
../Core/Src/main.c:767:6:Error_Handler	4	static,ignoring_inline_asm
