Archive member included to satisfy reference by file (symbol)

C:/ST/STM32CubeIDE_1.13.1/STM32CubeIDE/plugins/com.st.stm32cube.ide.mcu.externaltools.gnu-tools-for-stm32.11.3.rel1.win32_1.1.0.202305231506/tools/bin/../lib/gcc/arm-none-eabi/11.3.1/../../../../arm-none-eabi/lib/thumb/v7e-m+fp/hard\libc_nano.a(libc_a-exit.o)
                              C:/ST/STM32CubeIDE_1.13.1/STM32CubeIDE/plugins/com.st.stm32cube.ide.mcu.externaltools.gnu-tools-for-stm32.11.3.rel1.win32_1.1.0.202305231506/tools/bin/../lib/gcc/arm-none-eabi/11.3.1/../../../../arm-none-eabi/lib/thumb/v7e-m+fp/hard/crt0.o (exit)
C:/ST/STM32CubeIDE_1.13.1/STM32CubeIDE/plugins/com.st.stm32cube.ide.mcu.externaltools.gnu-tools-for-stm32.11.3.rel1.win32_1.1.0.202305231506/tools/bin/../lib/gcc/arm-none-eabi/11.3.1/../../../../arm-none-eabi/lib/thumb/v7e-m+fp/hard\libc_nano.a(libc_a-findfp.o)
                              C:/ST/STM32CubeIDE_1.13.1/STM32CubeIDE/plugins/com.st.stm32cube.ide.mcu.externaltools.gnu-tools-for-stm32.11.3.rel1.win32_1.1.0.202305231506/tools/bin/../lib/gcc/arm-none-eabi/11.3.1/../../../../arm-none-eabi/lib/thumb/v7e-m+fp/hard\libc_nano.a(libc_a-exit.o) (__stdio_exit_handler)
C:/ST/STM32CubeIDE_1.13.1/STM32CubeIDE/plugins/com.st.stm32cube.ide.mcu.externaltools.gnu-tools-for-stm32.11.3.rel1.win32_1.1.0.202305231506/tools/bin/../lib/gcc/arm-none-eabi/11.3.1/../../../../arm-none-eabi/lib/thumb/v7e-m+fp/hard\libc_nano.a(libc_a-fwalk.o)
                              C:/ST/STM32CubeIDE_1.13.1/STM32CubeIDE/plugins/com.st.stm32cube.ide.mcu.externaltools.gnu-tools-for-stm32.11.3.rel1.win32_1.1.0.202305231506/tools/bin/../lib/gcc/arm-none-eabi/11.3.1/../../../../arm-none-eabi/lib/thumb/v7e-m+fp/hard\libc_nano.a(libc_a-findfp.o) (_fwalk_sglue)
C:/ST/STM32CubeIDE_1.13.1/STM32CubeIDE/plugins/com.st.stm32cube.ide.mcu.externaltools.gnu-tools-for-stm32.11.3.rel1.win32_1.1.0.202305231506/tools/bin/../lib/gcc/arm-none-eabi/11.3.1/../../../../arm-none-eabi/lib/thumb/v7e-m+fp/hard\libc_nano.a(libc_a-stdio.o)
                              C:/ST/STM32CubeIDE_1.13.1/STM32CubeIDE/plugins/com.st.stm32cube.ide.mcu.externaltools.gnu-tools-for-stm32.11.3.rel1.win32_1.1.0.202305231506/tools/bin/../lib/gcc/arm-none-eabi/11.3.1/../../../../arm-none-eabi/lib/thumb/v7e-m+fp/hard\libc_nano.a(libc_a-findfp.o) (__sread)
C:/ST/STM32CubeIDE_1.13.1/STM32CubeIDE/plugins/com.st.stm32cube.ide.mcu.externaltools.gnu-tools-for-stm32.11.3.rel1.win32_1.1.0.202305231506/tools/bin/../lib/gcc/arm-none-eabi/11.3.1/../../../../arm-none-eabi/lib/thumb/v7e-m+fp/hard\libc_nano.a(libc_a-memset.o)
                              C:/ST/STM32CubeIDE_1.13.1/STM32CubeIDE/plugins/com.st.stm32cube.ide.mcu.externaltools.gnu-tools-for-stm32.11.3.rel1.win32_1.1.0.202305231506/tools/bin/../lib/gcc/arm-none-eabi/11.3.1/../../../../arm-none-eabi/lib/thumb/v7e-m+fp/hard/crt0.o (memset)
C:/ST/STM32CubeIDE_1.13.1/STM32CubeIDE/plugins/com.st.stm32cube.ide.mcu.externaltools.gnu-tools-for-stm32.11.3.rel1.win32_1.1.0.202305231506/tools/bin/../lib/gcc/arm-none-eabi/11.3.1/../../../../arm-none-eabi/lib/thumb/v7e-m+fp/hard\libc_nano.a(libc_a-closer.o)
                              C:/ST/STM32CubeIDE_1.13.1/STM32CubeIDE/plugins/com.st.stm32cube.ide.mcu.externaltools.gnu-tools-for-stm32.11.3.rel1.win32_1.1.0.202305231506/tools/bin/../lib/gcc/arm-none-eabi/11.3.1/../../../../arm-none-eabi/lib/thumb/v7e-m+fp/hard\libc_nano.a(libc_a-stdio.o) (_close_r)
C:/ST/STM32CubeIDE_1.13.1/STM32CubeIDE/plugins/com.st.stm32cube.ide.mcu.externaltools.gnu-tools-for-stm32.11.3.rel1.win32_1.1.0.202305231506/tools/bin/../lib/gcc/arm-none-eabi/11.3.1/../../../../arm-none-eabi/lib/thumb/v7e-m+fp/hard\libc_nano.a(libc_a-reent.o)
                              C:/ST/STM32CubeIDE_1.13.1/STM32CubeIDE/plugins/com.st.stm32cube.ide.mcu.externaltools.gnu-tools-for-stm32.11.3.rel1.win32_1.1.0.202305231506/tools/bin/../lib/gcc/arm-none-eabi/11.3.1/../../../../arm-none-eabi/lib/thumb/v7e-m+fp/hard\libc_nano.a(libc_a-closer.o) (errno)
C:/ST/STM32CubeIDE_1.13.1/STM32CubeIDE/plugins/com.st.stm32cube.ide.mcu.externaltools.gnu-tools-for-stm32.11.3.rel1.win32_1.1.0.202305231506/tools/bin/../lib/gcc/arm-none-eabi/11.3.1/../../../../arm-none-eabi/lib/thumb/v7e-m+fp/hard\libc_nano.a(libc_a-impure.o)
                              C:/ST/STM32CubeIDE_1.13.1/STM32CubeIDE/plugins/com.st.stm32cube.ide.mcu.externaltools.gnu-tools-for-stm32.11.3.rel1.win32_1.1.0.202305231506/tools/bin/../lib/gcc/arm-none-eabi/11.3.1/../../../../arm-none-eabi/lib/thumb/v7e-m+fp/hard\libc_nano.a(libc_a-reent.o) (_impure_ptr)
C:/ST/STM32CubeIDE_1.13.1/STM32CubeIDE/plugins/com.st.stm32cube.ide.mcu.externaltools.gnu-tools-for-stm32.11.3.rel1.win32_1.1.0.202305231506/tools/bin/../lib/gcc/arm-none-eabi/11.3.1/../../../../arm-none-eabi/lib/thumb/v7e-m+fp/hard\libc_nano.a(libc_a-lseekr.o)
[...]
Memory Configuration

Name             Origin             Length             Attributes
RAM              0x0000000020000000 0x0000000000050000 xrw
FLASH            0x0000000008000000 0x0000000000100000 xr
*default*        0x0000000000000000 0xffffffffffffffff

Linker script and memory map

LOAD C:/ST/STM32CubeIDE_1.13.1/STM32CubeIDE/plugins/com.st.stm32cube.ide.mcu.externaltools.gnu-tools-for-stm32.11.3.rel1.win32_1.1.0.202305231506/tools/bin/../lib/gcc/arm-none-eabi/11.3.1/thumb/v7e-m+fp/hard/crti.o
LOAD C:/ST/STM32CubeIDE_1.13.1/STM32CubeIDE/plugins/com.st.stm32cube.ide.mcu.externaltools.gnu-tools-for-stm32.11.3.rel1.win32_1.1.0.202305231506/tools/bin/../lib/gcc/arm-none-eabi/11.3.1/thumb/v7e-m+fp/hard/crtbegin.o
LOAD C:/ST/STM32CubeIDE_1.13.1/STM32CubeIDE/plugins/com.st.stm32cube.ide.mcu.externaltools.gnu-tools-for-stm32.11.3.rel1.win32_1.1.0.202305231506/tools/bin/../lib/gcc/arm-none-eabi/11.3.1/../../../../arm-none-eabi/lib/thumb/v7e-m+fp/hard/crt0.o
LOAD ./Core/Src/main.o
LOAD ./Core/Src/stm32f4xx_hal_msp.o
LOAD ./Core/Src/stm32f4xx_it.o
LOAD ./Core/Src/syscalls.o
LOAD ./Core/Src/sysmem.o
LOAD ./Core/Src/system_stm32f4xx.o
LOAD ./Core/Startup/startup_stm32f413rgtx.o
LOAD ./Drivers/STM32F4xx_HAL_Driver/Src/stm32f4xx_hal.o
LOAD ./Drivers/STM32F4xx_HAL_Driver/Src/stm32f4xx_hal_adc.o
LOAD ./Drivers/STM32F4xx_HAL_Driver/Src/stm32f4xx_hal_adc_ex.o
LOAD ./Drivers/STM32F4xx_HAL_Driver/Src/stm32f4xx_hal_cortex.o
LOAD ./Drivers/STM32F4xx_HAL_Driver/Src/stm32f4xx_hal_dfsdm.o
LOAD ./Drivers/STM32F4xx_HAL_Driver/Src/stm32f4xx_hal_dma.o
LOAD ./Drivers/STM32F4xx_HAL_Driver/Src/stm32f4xx_hal_dma_ex.o
LOAD ./Drivers/STM32F4xx_HAL_Driver/Src/stm32f4xx_hal_exti.o
LOAD ./Drivers/STM32F4xx_HAL_Driver/Src/stm32f4xx_hal_flash.o
LOAD ./Drivers/STM32F4xx_HAL_Driver/Src/stm32f4xx_hal_flash_ex.o
LOAD ./Drivers/STM32F4xx_HAL_Driver/Src/stm32f4xx_hal_flash_ramfunc.o
LOAD ./Drivers/STM32F4xx_HAL_Driver/Src/stm32f4xx_hal_gpio.o
LOAD ./Drivers/STM32F4xx_HAL_Driver/Src/stm32f4xx_hal_pwr.o
LOAD ./Drivers/STM32F4xx_HAL_Driver/Src/stm32f4xx_hal_pwr_ex.o
LOAD ./Drivers/STM32F4xx_HAL_Driver/Src/stm32f4xx_hal_rcc.o
LOAD ./Drivers/STM32F4xx_HAL_Driver/Src/stm32f4xx_hal_rcc_ex.o
LOAD ./Drivers/STM32F4xx_HAL_Driver/Src/stm32f4xx_hal_tim.o
LOAD ./Drivers/STM32F4xx_HAL_Driver/Src/stm32f4xx_hal_tim_ex.o
LOAD ./Drivers/STM32F4xx_HAL_Driver/Src/stm32f4xx_hal_uart.o
LOAD ./Drivers/STM32F4xx_HAL_Driver/Src/stm32f4xx_ll_adc.o
START GROUP
LOAD C:/ST/STM32CubeIDE_1.13.1/STM32CubeIDE/plugins/com.st.stm32cube.ide.mcu.externaltools.gnu-tools-for-stm32.11.3.rel1.win32_1.1.0.202305231506/tools/bin/../lib/gcc/arm-none-eabi/11.3.1/../../../../arm-none-eabi/lib/thumb/v7e-m+fp/hard\libc_nano.a
LOAD C:/ST/STM32CubeIDE_1.13.1/STM32CubeIDE/plugins/com.st.stm32cube.ide.mcu.externaltools.gnu-tools-for-stm32.11.3.rel1.win32_1.1.0.202305231506/tools/bin/../lib/gcc/arm-none-eabi/11.3.1/../../../../arm-none-eabi/lib/thumb/v7e-m+fp/hard\libm.a
END GROUP
START GROUP
LOAD C:/ST/STM32CubeIDE_1.13.1/STM32CubeIDE/plugins/com.st.stm32cube.ide.mcu.externaltools.gnu-tools-for-stm32.11.3.rel1.win32_1.1.0.202305231506/tools/bin/../lib/gcc/arm-none-eabi/11.3.1/thumb/v7e-m+fp/hard\libgcc.a
LOAD C:/ST/STM32CubeIDE_1.13.1/STM32CubeIDE/plugins/com.st.stm32cube.ide.mcu.externaltools.gnu-tools-for-stm32.11.3.rel1.win32_1.1.0.202305231506/tools/bin/../lib/gcc/arm-none-eabi/11.3.1/../../../../arm-none-eabi/lib/thumb/v7e-m+fp/hard\libc_nano.a
END GROUP
START GROUP
LOAD C:/ST/STM32CubeIDE_1.13.1/STM32CubeIDE/plugins/com.st.stm32cube.ide.mcu.externaltools.gnu-tools-for-stm32.11.3.rel1.win32_1.1.0.202305231506/tools/bin/../lib/gcc/arm-none-eabi/11.3.1/thumb/v7e-m+fp/hard\libgcc.a
LOAD C:/ST/STM32CubeIDE_1.13.1/STM32CubeIDE/plugins/com.st.stm32cube.ide.mcu.externaltools.gnu-tools-for-stm32.11.3.rel1.win32_1.1.0.202305231506/tools/bin/../lib/gcc/arm-none-eabi/11.3.1/../../../../arm-none-eabi/lib/thumb/v7e-m+fp/hard\libc_nano.a
LOAD C:/ST/STM32CubeIDE_1.13.1/STM32CubeIDE/plugins/com.st.stm32cube.ide.mcu.externaltools.gnu-tools-for-stm32.11.3.rel1.win32_1.1.0.202305231506/tools/bin/../lib/gcc/arm-none-eabi/11.3.1/../../../../arm-none-eabi/lib/thumb/v7e-m+fp/hard\libnosys.a
END GROUP
START GROUP
LOAD C:/ST/STM32CubeIDE_1.13.1/STM32CubeIDE/plugins/com.st.stm32cube.ide.mcu.externaltools.gnu-tools-for-stm32.11.3.rel1.win32_1.1.0.202305231506/tools/bin/../lib/gcc/arm-none-eabi/11.3.1/thumb/v7e-m+fp/hard\libgcc.a
LOAD C:/ST/STM32CubeIDE_1.13.1/STM32CubeIDE/plugins/com.st.stm32cube.ide.mcu.externaltools.gnu-tools-for-stm32.11.3.rel1.win32_1.1.0.202305231506/tools/bin/../lib/gcc/arm-none-eabi/11.3.1/../../../../arm-none-eabi/lib/thumb/v7e-m+fp/hard\libc_nano.a
LOAD C:/ST/STM32CubeIDE_1.13.1/STM32CubeIDE/plugins/com.st.stm32cube.ide.mcu.externaltools.gnu-tools-for-stm32.11.3.rel1.win32_1.1.0.202305231506/tools/bin/../lib/gcc/arm-none-eabi/11.3.1/../../../../arm-none-eabi/lib/thumb/v7e-m+fp/hard\libnosys.a
END GROUP
LOAD C:/ST/STM32CubeIDE_1.13.1/STM32CubeIDE/plugins/com.st.stm32cube.ide.mcu.externaltools.gnu-tools-for-stm32.11.3.rel1.win32_1.1.0.202305231506/tools/bin/../lib/gcc/arm-none-eabi/11.3.1/thumb/v7e-m+fp/hard/crtend.o
LOAD C:/ST/STM32CubeIDE_1.13.1/STM32CubeIDE/plugins/com.st.stm32cube.ide.mcu.externaltools.gnu-tools-for-stm32.11.3.rel1.win32_1.1.0.202305231506/tools/bin/../lib/gcc/arm-none-eabi/11.3.1/thumb/v7e-m+fp/hard/crtn.o
                0x0000000020050000                _estack = (ORIGIN (RAM) + LENGTH (RAM))
                0x0000000000000200                _Min_Heap_Size = 0x200
                0x0000000000000400                _Min_Stack_Size = 0x400

.isr_vector     0x0000000008000000      0x1d8
                0x0000000008000000                . = ALIGN (0x4)
 *(.isr_vector)
 .isr_vector    0x0000000008000000      0x1d8 ./Core/Startup/startup_stm32f413rgtx.o
                0x0000000008000000                g_pfnVectors
                0x00000000080001d8                . = ALIGN (0x4)

.text           0x00000000080001d8     0x5124
                0x00000000080001d8                . = ALIGN (0x4)
 *(.text)
 .text          0x00000000080001d8       0x40 C:/ST/STM32CubeIDE_1.13.1/STM32CubeIDE/plugins/com.st.stm32cube.ide.mcu.externaltools.gnu-tools-for-stm32.11.3.rel1.win32_1.1.0.202305231506/tools/bin/../lib/gcc/arm-none-eabi/11.3.1/thumb/v7e-m+fp/hard/crtbegin.o
 .text          0x0000000008000218       0x30 C:/ST/STM32CubeIDE_1.13.1/STM32CubeIDE/plugins/com.st.stm32cube.ide.mcu.externaltools.gnu-tools-for-stm32.11.3.rel1.win32_1.1.0.202305231506/tools/bin/../lib/gcc/arm-none-eabi/11.3.1/thumb/v7e-m+fp/hard\libgcc.a(_aeabi_uldivmod.o)
                0x0000000008000218                __aeabi_uldivmod
 .text          0x0000000008000248      0x2c8 C:/ST/STM32CubeIDE_1.13.1/STM32CubeIDE/plugins/com.st.stm32cube.ide.mcu.externaltools.gnu-tools-for-stm32.11.3.rel1.win32_1.1.0.202305231506/tools/bin/../lib/gcc/arm-none-eabi/11.3.1/thumb/v7e-m+fp/hard\libgcc.a(_udivmoddi4.o)
                0x0000000008000248                __udivmoddi4
 .text          0x0000000008000510        0x4 C:/ST/STM32CubeIDE_1.13.1/STM32CubeIDE/plugins/com.st.stm32cube.ide.mcu.externaltools.gnu-tools-for-stm32.11.3.rel1.win32_1.1.0.202305231506/tools/bin/../lib/gcc/arm-none-eabi/11.3.1/thumb/v7e-m+fp/hard\libgcc.a(_dvmd_tls.o)
                0x0000000008000510                __aeabi_idiv0
                0x0000000008000510                __aeabi_ldiv0
 *(.text*)
 .text.main     0x0000000008000514       0x6c ./Core/Src/main.o
                0x0000000008000514                main
 .text.SystemClock_Config
                0x0000000008000580       0xbc ./Core/Src/main.o
                0x0000000008000580                SystemClock_Config
 .text.MX_ADC1_Init
                0x000000000800063c       0xa4 ./Core/Src/main.o
 .text.MX_DFSDM2_Init
                0x00000000080006e0      0x254 ./Core/Src/main.o
 .text.MX_TIM1_Init
                0x0000000008000934      0x174 ./Core/Src/main.o
 .text.MX_TIM2_Init
                0x0000000008000aa8       0x98 ./Core/Src/main.o
 .text.MX_TIM3_Init
                0x0000000008000b40       0xbc ./Core/Src/main.o
 .text.MX_TIM4_Init
                0x0000000008000bfc       0xec ./Core/Src/main.o
 .text.MX_UART4_Init
                0x0000000008000ce8       0x54 ./Core/Src/main.o
 .text.MX_GPIO_Init
                0x0000000008000d3c      0x124 ./Core/Src/main.o
 .text.PWM_Init
                0x0000000008000e60       0xa0 ./Core/Src/main.o
 .text.PWM_Enable
                0x0000000008000f00       0x20 ./Core/Src/main.o
 .text.TransmitDFSDMValue
                0x0000000008000f20       0x4c ./Core/Src/main.o
                0x0000000008000f20                TransmitDFSDMValue
 .text.HAL_TIM_PeriodElapsedCallback
                0x0000000008000f6c       0x30 ./Core/Src/main.o
                0x0000000008000f6c                HAL_TIM_PeriodElapsedCallback
 .text.Error_Handler
                0x0000000008000f9c        0xa ./Core/Src/main.o
                0x0000000008000f9c                Error_Handler
 *fill*         0x0000000008000fa6        0x2 
 .text.HAL_MspInit
                0x0000000008000fa8       0x50 ./Core/Src/stm32f4xx_hal_msp.o
                0x0000000008000fa8                HAL_MspInit
 .text.HAL_ADC_MspInit
                0x0000000008000ff8       0xf8 ./Core/Src/stm32f4xx_hal_msp.o
                0x0000000008000ff8                HAL_ADC_MspInit
 .text.HAL_DFSDM_FilterMspInit
                0x00000000080010f0      0x180 ./Core/Src/stm32f4xx_hal_msp.o
                0x00000000080010f0                HAL_DFSDM_FilterMspInit
 .text.HAL_DFSDM_ChannelMspInit
                0x0000000008001270      0x1a0 ./Core/Src/stm32f4xx_hal_msp.o
                0x0000000008001270                HAL_DFSDM_ChannelMspInit
 .text.HAL_TIM_Base_MspInit
                0x0000000008001410       0xa4 ./Core/Src/stm32f4xx_hal_msp.o
                0x0000000008001410                HAL_TIM_Base_MspInit
 .text.HAL_TIM_IC_MspInit
                0x00000000080014b4       0x90 ./Core/Src/stm32f4xx_hal_msp.o
                0x00000000080014b4                HAL_TIM_IC_MspInit
 .text.HAL_TIM_MspPostInit
                0x0000000008001544      0x104 ./Core/Src/stm32f4xx_hal_msp.o
                0x0000000008001544                HAL_TIM_MspPostInit
 .text.HAL_UART_MspInit
                0x0000000008001648       0x90 ./Core/Src/stm32f4xx_hal_msp.o
                0x0000000008001648                HAL_UART_MspInit
 .text.NMI_Handler
                0x00000000080016d8        0x6 ./Core/Src/stm32f4xx_it.o
                0x00000000080016d8                NMI_Handler
 .text.HardFault_Handler
                0x00000000080016de        0x6 ./Core/Src/stm32f4xx_it.o
                0x00000000080016de                HardFault_Handler
 .text.MemManage_Handler
                0x00000000080016e4        0x6 ./Core/Src/stm32f4xx_it.o
                0x00000000080016e4                MemManage_Handler
 .text.BusFault_Handler
                0x00000000080016ea        0x6 ./Core/Src/stm32f4xx_it.o
                0x00000000080016ea                BusFault_Handler
 .text.UsageFault_Handler
                0x00000000080016f0        0x6 ./Core/Src/stm32f4xx_it.o
                0x00000000080016f0                UsageFault_Handler
 .text.SVC_Handler
                0x00000000080016f6        0xe ./Core/Src/stm32f4xx_it.o
                0x00000000080016f6                SVC_Handler
 .text.DebugMon_Handler
                0x0000000008001704        0xe ./Core/Src/stm32f4xx_it.o
                0x0000000008001704                DebugMon_Handler
 .text.PendSV_Handler
                0x0000000008001712        0xe ./Core/Src/stm32f4xx_it.o
                0x0000000008001712                PendSV_Handler
 .text.SysTick_Handler
                0x0000000008001720        0xc ./Core/Src/stm32f4xx_it.o
                0x0000000008001720                SysTick_Handler
 .text.TIM2_IRQHandler
                0x000000000800172c       0x14 ./Core/Src/stm32f4xx_it.o
                0x000000000800172c                TIM2_IRQHandler
 .text.SystemInit
                0x0000000008001740       0x24 ./Core/Src/system_stm32f4xx.o
                0x0000000008001740                SystemInit
 .text.Reset_Handler
                0x0000000008001764       0x50 ./Core/Startup/startup_stm32f413rgtx.o
                0x0000000008001764                Reset_Handler
 .text.Default_Handler
                0x00000000080017b4        0x2 ./Core/Startup/startup_stm32f413rgtx.o
                0x00000000080017b4                RTC_Alarm_IRQHandler
                0x00000000080017b4                EXTI2_IRQHandler
                0x00000000080017b4                TIM8_CC_IRQHandler
                0x00000000080017b4                UART8_IRQHandler
                0x00000000080017b4                FMPI2C1_EV_IRQHandler
                0x00000000080017b4                SPI4_IRQHandler
                0x00000000080017b4                TIM1_CC_IRQHandler
                0x00000000080017b4                DMA2_Stream5_IRQHandler
                0x00000000080017b4                DMA1_Stream5_IRQHandler
                0x00000000080017b4                CAN3_RX1_IRQHandler
                0x00000000080017b4                PVD_IRQHandler
                0x00000000080017b4                SDIO_IRQHandler
                0x00000000080017b4                TAMP_STAMP_IRQHandler
                0x00000000080017b4                CAN2_RX1_IRQHandler
                0x00000000080017b4                EXTI3_IRQHandler
                0x00000000080017b4                TIM8_TRG_COM_TIM14_IRQHandler
                0x00000000080017b4                DFSDM1_FLT1_IRQHandler
                0x00000000080017b4                TIM1_UP_TIM10_IRQHandler
                0x00000000080017b4                TIM8_UP_TIM13_IRQHandler
                0x00000000080017b4                I2C3_ER_IRQHandler
                0x00000000080017b4                EXTI0_IRQHandler
                0x00000000080017b4                I2C2_EV_IRQHandler
                0x00000000080017b4                DMA1_Stream2_IRQHandler
                0x00000000080017b4                CAN1_RX0_IRQHandler
                0x00000000080017b4                FPU_IRQHandler
                0x00000000080017b4                CAN3_SCE_IRQHandler
                0x00000000080017b4                CAN2_SCE_IRQHandler
                0x00000000080017b4                DMA2_Stream2_IRQHandler
                0x00000000080017b4                SPI1_IRQHandler
                0x00000000080017b4                TIM6_DAC_IRQHandler
                0x00000000080017b4                TIM1_BRK_TIM9_IRQHandler
                0x00000000080017b4                CAN2_RX0_IRQHandler
                0x00000000080017b4                DMA2_Stream3_IRQHandler
                0x00000000080017b4                USART6_IRQHandler
                0x00000000080017b4                CAN3_RX0_IRQHandler
                0x00000000080017b4                USART3_IRQHandler
                0x00000000080017b4                DFSDM2_FLT3_IRQHandler
                0x00000000080017b4                CAN1_RX1_IRQHandler
                0x00000000080017b4                UART5_IRQHandler
                0x00000000080017b4                DMA2_Stream0_IRQHandler
                0x00000000080017b4                TIM4_IRQHandler
                0x00000000080017b4                QUADSPI_IRQHandler
                0x00000000080017b4                I2C1_EV_IRQHandler
                0x00000000080017b4                DMA1_Stream6_IRQHandler
                0x00000000080017b4                DMA1_Stream1_IRQHandler
                0x00000000080017b4                UART4_IRQHandler
                0x00000000080017b4                TIM3_IRQHandler
                0x00000000080017b4                RCC_IRQHandler
                0x00000000080017b4                UART9_IRQHandler
                0x00000000080017b4                TIM8_BRK_TIM12_IRQHandler
                0x00000000080017b4                Default_Handler
                0x00000000080017b4                EXTI15_10_IRQHandler
                0x00000000080017b4                ADC_IRQHandler
                0x00000000080017b4                DMA1_Stream7_IRQHandler
                0x00000000080017b4                DFSDM2_FLT0_IRQHandler
                0x00000000080017b4                SPI5_IRQHandler
                0x00000000080017b4                TIM7_IRQHandler
                0x00000000080017b4                CAN2_TX_IRQHandler
                0x00000000080017b4                TIM5_IRQHandler
                0x00000000080017b4                DMA2_Stream7_IRQHandler
                0x00000000080017b4                I2C3_EV_IRQHandler
                0x00000000080017b4                DFSDM2_FLT2_IRQHandler
                0x00000000080017b4                EXTI9_5_IRQHandler
                0x00000000080017b4                RTC_WKUP_IRQHandler
                0x00000000080017b4                SPI2_IRQHandler
                0x00000000080017b4                DMA1_Stream0_IRQHandler
                0x00000000080017b4                CAN1_TX_IRQHandler
                0x00000000080017b4                FMPI2C1_ER_IRQHandler
                0x00000000080017b4                EXTI4_IRQHandler
                0x00000000080017b4                DFSDM2_FLT1_IRQHandler
                0x00000000080017b4                RNG_IRQHandler
                0x00000000080017b4                FSMC_IRQHandler
                0x00000000080017b4                WWDG_IRQHandler
                0x00000000080017b4                CAN3_TX_IRQHandler
                0x00000000080017b4                OTG_FS_WKUP_IRQHandler
                0x00000000080017b4                TIM1_TRG_COM_TIM11_IRQHandler
                0x00000000080017b4                EXTI1_IRQHandler
                0x00000000080017b4                UART7_IRQHandler
                0x00000000080017b4                USART2_IRQHandler
                0x00000000080017b4                DFSDM1_FLT0_IRQHandler
                0x00000000080017b4                I2C2_ER_IRQHandler
                0x00000000080017b4                DMA2_Stream1_IRQHandler
                0x00000000080017b4                CAN1_SCE_IRQHandler
                0x00000000080017b4                FLASH_IRQHandler
                0x00000000080017b4                DMA2_Stream4_IRQHandler
                0x00000000080017b4                USART1_IRQHandler
                0x00000000080017b4                OTG_FS_IRQHandler
                0x00000000080017b4                SPI3_IRQHandler
                0x00000000080017b4                DMA1_Stream4_IRQHandler
                0x00000000080017b4                I2C1_ER_IRQHandler
                0x00000000080017b4                LPTIM1_IRQHandler
                0x00000000080017b4                DMA2_Stream6_IRQHandler
                0x00000000080017b4                UART10_IRQHandler
                0x00000000080017b4                SAI1_IRQHandler
                0x00000000080017b4                DMA1_Stream3_IRQHandler
 *fill*         0x00000000080017b6        0x2 
 .text.HAL_Init
                0x00000000080017b8       0x44 ./Drivers/STM32F4xx_HAL_Driver/Src/stm32f4xx_hal.o
                0x00000000080017b8                HAL_Init
 .text.HAL_InitTick
                0x00000000080017fc       0x60 ./Drivers/STM32F4xx_HAL_Driver/Src/stm32f4xx_hal.o
                0x00000000080017fc                HAL_InitTick
 .text.HAL_IncTick
                0x000000000800185c       0x28 ./Drivers/STM32F4xx_HAL_Driver/Src/stm32f4xx_hal.o
                0x000000000800185c                HAL_IncTick
 .text.HAL_GetTick
                0x0000000008001884       0x18 ./Drivers/STM32F4xx_HAL_Driver/Src/stm32f4xx_hal.o
                0x0000000008001884                HAL_GetTick
 .text.HAL_Delay
                0x000000000800189c       0x48 ./Drivers/STM32F4xx_HAL_Driver/Src/stm32f4xx_hal.o
                0x000000000800189c                HAL_Delay
 .text.HAL_ADC_Init
                0x00000000080018e4       0x86 ./Drivers/STM32F4xx_HAL_Driver/Src/stm32f4xx_hal_adc.o
                0x00000000080018e4                HAL_ADC_Init
 *fill*         0x000000000800196a        0x2 
 .text.HAL_ADC_ConfigChannel
                0x000000000800196c      0x264 ./Drivers/STM32F4xx_HAL_Driver/Src/stm32f4xx_hal_adc.o
                0x000000000800196c                HAL_ADC_ConfigChannel
 .text.ADC_Init
                0x0000000008001bd0      0x1f8 ./Drivers/STM32F4xx_HAL_Driver/Src/stm32f4xx_hal_adc.o
 .text.__NVIC_SetPriorityGrouping
                0x0000000008001dc8       0x48 ./Drivers/STM32F4xx_HAL_Driver/Src/stm32f4xx_hal_cortex.o
 .text.__NVIC_GetPriorityGrouping
                0x0000000008001e10       0x1c ./Drivers/STM32F4xx_HAL_Driver/Src/stm32f4xx_hal_cortex.o
 .text.__NVIC_EnableIRQ
                0x0000000008001e2c       0x3c ./Drivers/STM32F4xx_HAL_Driver/Src/stm32f4xx_hal_cortex.o
 .text.__NVIC_SetPriority
                0x0000000008001e68       0x54 ./Drivers/STM32F4xx_HAL_Driver/Src/stm32f4xx_hal_cortex.o
 .text.NVIC_EncodePriority
                0x0000000008001ebc       0x66 ./Drivers/STM32F4xx_HAL_Driver/Src/stm32f4xx_hal_cortex.o
 *fill*         0x0000000008001f22        0x2 
 .text.SysTick_Config
                0x0000000008001f24       0x44 ./Drivers/STM32F4xx_HAL_Driver/Src/stm32f4xx_hal_cortex.o
 .text.HAL_NVIC_SetPriorityGrouping
                0x0000000008001f68       0x16 ./Drivers/STM32F4xx_HAL_Driver/Src/stm32f4xx_hal_cortex.o
                0x0000000008001f68                HAL_NVIC_SetPriorityGrouping
 .text.HAL_NVIC_SetPriority
                0x0000000008001f7e       0x38 ./Drivers/STM32F4xx_HAL_Driver/Src/stm32f4xx_hal_cortex.o
                0x0000000008001f7e                HAL_NVIC_SetPriority
 .text.HAL_NVIC_EnableIRQ
                0x0000000008001fb6       0x1c ./Drivers/STM32F4xx_HAL_Driver/Src/stm32f4xx_hal_cortex.o
                0x0000000008001fb6                HAL_NVIC_EnableIRQ
 .text.HAL_SYSTICK_Config
                0x0000000008001fd2       0x18 ./Drivers/STM32F4xx_HAL_Driver/Src/stm32f4xx_hal_cortex.o
                0x0000000008001fd2                HAL_SYSTICK_Config
 *fill*         0x0000000008001fea        0x2 
 .text.HAL_DFSDM_ChannelInit
                0x0000000008001fec      0x1e0 ./Drivers/STM32F4xx_HAL_Driver/Src/stm32f4xx_hal_dfsdm.o
                0x0000000008001fec                HAL_DFSDM_ChannelInit
 .text.HAL_DFSDM_FilterInit
                0x00000000080021cc      0x1d8 ./Drivers/STM32F4xx_HAL_Driver/Src/stm32f4xx_hal_dfsdm.o
                0x00000000080021cc                HAL_DFSDM_FilterInit
 .text.HAL_DFSDM_FilterConfigRegChannel
                0x00000000080023a4       0x8a ./Drivers/STM32F4xx_HAL_Driver/Src/stm32f4xx_hal_dfsdm.o
                0x00000000080023a4                HAL_DFSDM_FilterConfigRegChannel
 .text.HAL_DFSDM_FilterRegularStart
                0x000000000800242e       0x36 ./Drivers/STM32F4xx_HAL_Driver/Src/stm32f4xx_hal_dfsdm.o
                0x000000000800242e                HAL_DFSDM_FilterRegularStart
 .text.HAL_DFSDM_FilterGetRegularValue
                0x0000000008002464       0x38 ./Drivers/STM32F4xx_HAL_Driver/Src/stm32f4xx_hal_dfsdm.o
                0x0000000008002464                HAL_DFSDM_FilterGetRegularValue
 .text.DFSDM_GetChannelFromInstance
                0x000000000800249c       0xc8 ./Drivers/STM32F4xx_HAL_Driver/Src/stm32f4xx_hal_dfsdm.o
 .text.DFSDM_RegConvStart
                0x0000000008002564       0xac ./Drivers/STM32F4xx_HAL_Driver/Src/stm32f4xx_hal_dfsdm.o
 .text.HAL_GPIO_Init
                0x0000000008002610      0x328 ./Drivers/STM32F4xx_HAL_Driver/Src/stm32f4xx_hal_gpio.o
                0x0000000008002610                HAL_GPIO_Init
 .text.HAL_GPIO_WritePin
                0x0000000008002938       0x32 ./Drivers/STM32F4xx_HAL_Driver/Src/stm32f4xx_hal_gpio.o
                0x0000000008002938                HAL_GPIO_WritePin
 .text.HAL_GPIO_TogglePin
                0x000000000800296a       0x34 ./Drivers/STM32F4xx_HAL_Driver/Src/stm32f4xx_hal_gpio.o
                0x000000000800296a                HAL_GPIO_TogglePin
 *fill*         0x000000000800299e        0x2 
 .text.HAL_RCC_ClockConfig
                0x00000000080029a0      0x1cc ./Drivers/STM32F4xx_HAL_Driver/Src/stm32f4xx_hal_rcc.o
                0x00000000080029a0                HAL_RCC_ClockConfig
 .text.HAL_RCC_GetSysClockFreq
                0x0000000008002b6c      0x18c ./Drivers/STM32F4xx_HAL_Driver/Src/stm32f4xx_hal_rcc.o
                0x0000000008002b6c                HAL_RCC_GetSysClockFreq
 .text.HAL_RCC_GetHCLKFreq
                0x0000000008002cf8       0x18 ./Drivers/STM32F4xx_HAL_Driver/Src/stm32f4xx_hal_rcc.o
                0x0000000008002cf8                HAL_RCC_GetHCLKFreq
 .text.HAL_RCC_GetPCLK1Freq
                0x0000000008002d10       0x28 ./Drivers/STM32F4xx_HAL_Driver/Src/stm32f4xx_hal_rcc.o
                0x0000000008002d10                HAL_RCC_GetPCLK1Freq
 .text.HAL_RCC_GetPCLK2Freq
                0x0000000008002d38       0x28 ./Drivers/STM32F4xx_HAL_Driver/Src/stm32f4xx_hal_rcc.o
                0x0000000008002d38                HAL_RCC_GetPCLK2Freq
 .text.HAL_RCCEx_PeriphCLKConfig
                0x0000000008002d60      0x518 ./Drivers/STM32F4xx_HAL_Driver/Src/stm32f4xx_hal_rcc_ex.o
                0x0000000008002d60                HAL_RCCEx_PeriphCLKConfig
 .text.HAL_RCC_OscConfig
                0x0000000008003278      0x508 ./Drivers/STM32F4xx_HAL_Driver/Src/stm32f4xx_hal_rcc_ex.o
                0x0000000008003278                HAL_RCC_OscConfig
 .text.HAL_TIM_Base_Init
                0x0000000008003780       0x9e ./Drivers/STM32F4xx_HAL_Driver/Src/stm32f4xx_hal_tim.o
                0x0000000008003780                HAL_TIM_Base_Init
 *fill*         0x000000000800381e        0x2 
 .text.HAL_TIM_Base_Start_IT
                0x0000000008003820       0xe0 ./Drivers/STM32F4xx_HAL_Driver/Src/stm32f4xx_hal_tim.o
                0x0000000008003820                HAL_TIM_Base_Start_IT
 .text.HAL_TIM_PWM_Init
                0x0000000008003900       0x9e ./Drivers/STM32F4xx_HAL_Driver/Src/stm32f4xx_hal_tim.o
                0x0000000008003900                HAL_TIM_PWM_Init
 .text.HAL_TIM_PWM_MspInit
                0x000000000800399e       0x14 ./Drivers/STM32F4xx_HAL_Driver/Src/stm32f4xx_hal_tim.o
                0x000000000800399e                HAL_TIM_PWM_MspInit
 .text.HAL_TIM_IC_Init
                0x00000000080039b2       0x9e ./Drivers/STM32F4xx_HAL_Driver/Src/stm32f4xx_hal_tim.o
                0x00000000080039b2                HAL_TIM_IC_Init
 .text.HAL_TIM_IRQHandler
                0x0000000008003a50      0x210 ./Drivers/STM32F4xx_HAL_Driver/Src/stm32f4xx_hal_tim.o
                0x0000000008003a50                HAL_TIM_IRQHandler
 .text.HAL_TIM_IC_ConfigChannel
                0x0000000008003c60      0x138 ./Drivers/STM32F4xx_HAL_Driver/Src/stm32f4xx_hal_tim.o
                0x0000000008003c60                HAL_TIM_IC_ConfigChannel
 .text.HAL_TIM_PWM_ConfigChannel
                0x0000000008003d98      0x184 ./Drivers/STM32F4xx_HAL_Driver/Src/stm32f4xx_hal_tim.o
                0x0000000008003d98                HAL_TIM_PWM_ConfigChannel
 .text.HAL_TIM_ConfigClockSource
                0x0000000008003f1c      0x18e ./Drivers/STM32F4xx_HAL_Driver/Src/stm32f4xx_hal_tim.o
                0x0000000008003f1c                HAL_TIM_ConfigClockSource
 .text.HAL_TIM_OC_DelayElapsedCallback
                0x00000000080040aa       0x14 ./Drivers/STM32F4xx_HAL_Driver/Src/stm32f4xx_hal_tim.o
                0x00000000080040aa                HAL_TIM_OC_DelayElapsedCallback
 .text.HAL_TIM_IC_CaptureCallback
                0x00000000080040be       0x14 ./Drivers/STM32F4xx_HAL_Driver/Src/stm32f4xx_hal_tim.o
                0x00000000080040be                HAL_TIM_IC_CaptureCallback
 .text.HAL_TIM_PWM_PulseFinishedCallback
                0x00000000080040d2       0x14 ./Drivers/STM32F4xx_HAL_Driver/Src/stm32f4xx_hal_tim.o
                0x00000000080040d2                HAL_TIM_PWM_PulseFinishedCallback
 .text.HAL_TIM_TriggerCallback
                0x00000000080040e6       0x14 ./Drivers/STM32F4xx_HAL_Driver/Src/stm32f4xx_hal_tim.o
                0x00000000080040e6                HAL_TIM_TriggerCallback
 *fill*         0x00000000080040fa        0x2 
 .text.TIM_Base_SetConfig
                0x00000000080040fc      0x140 ./Drivers/STM32F4xx_HAL_Driver/Src/stm32f4xx_hal_tim.o
                0x00000000080040fc                TIM_Base_SetConfig
 .text.TIM_OC1_SetConfig
                0x000000000800423c       0xe0 ./Drivers/STM32F4xx_HAL_Driver/Src/stm32f4xx_hal_tim.o
 .text.TIM_OC2_SetConfig
                0x000000000800431c       0xec ./Drivers/STM32F4xx_HAL_Driver/Src/stm32f4xx_hal_tim.o
                0x000000000800431c                TIM_OC2_SetConfig
 .text.TIM_OC3_SetConfig
                0x0000000008004408       0xe8 ./Drivers/STM32F4xx_HAL_Driver/Src/stm32f4xx_hal_tim.o
 .text.TIM_OC4_SetConfig
                0x00000000080044f0       0xac ./Drivers/STM32F4xx_HAL_Driver/Src/stm32f4xx_hal_tim.o
 .text.TIM_TI1_SetConfig
                0x000000000800459c       0xe8 ./Drivers/STM32F4xx_HAL_Driver/Src/stm32f4xx_hal_tim.o
                0x000000000800459c                TIM_TI1_SetConfig
 .text.TIM_TI1_ConfigInputStage
                0x0000000008004684       0x5e ./Drivers/STM32F4xx_HAL_Driver/Src/stm32f4xx_hal_tim.o
 .text.TIM_TI2_SetConfig
                0x00000000080046e2       0x7a ./Drivers/STM32F4xx_HAL_Driver/Src/stm32f4xx_hal_tim.o
 .text.TIM_TI2_ConfigInputStage
                0x000000000800475c       0x60 ./Drivers/STM32F4xx_HAL_Driver/Src/stm32f4xx_hal_tim.o
 .text.TIM_TI3_SetConfig
                0x00000000080047bc       0x78 ./Drivers/STM32F4xx_HAL_Driver/Src/stm32f4xx_hal_tim.o
 .text.TIM_TI4_SetConfig
                0x0000000008004834       0x7a ./Drivers/STM32F4xx_HAL_Driver/Src/stm32f4xx_hal_tim.o
 .text.TIM_ITRx_SetConfig
                0x00000000080048ae       0x36 ./Drivers/STM32F4xx_HAL_Driver/Src/stm32f4xx_hal_tim.o
 .text.TIM_ETR_SetConfig
                0x00000000080048e4       0x40 ./Drivers/STM32F4xx_HAL_Driver/Src/stm32f4xx_hal_tim.o
                0x00000000080048e4                TIM_ETR_SetConfig
 .text.HAL_TIMEx_MasterConfigSynchronization
                0x0000000008004924       0xf8 ./Drivers/STM32F4xx_HAL_Driver/Src/stm32f4xx_hal_tim_ex.o
                0x0000000008004924                HAL_TIMEx_MasterConfigSynchronization
 .text.HAL_TIMEx_ConfigBreakDeadTime
                0x0000000008004a1c       0xa4 ./Drivers/STM32F4xx_HAL_Driver/Src/stm32f4xx_hal_tim_ex.o
                0x0000000008004a1c                HAL_TIMEx_ConfigBreakDeadTime
 .text.HAL_TIMEx_CommutCallback
                0x0000000008004ac0       0x14 ./Drivers/STM32F4xx_HAL_Driver/Src/stm32f4xx_hal_tim_ex.o
                0x0000000008004ac0                HAL_TIMEx_CommutCallback
 .text.HAL_TIMEx_BreakCallback
                0x0000000008004ad4       0x14 ./Drivers/STM32F4xx_HAL_Driver/Src/stm32f4xx_hal_tim_ex.o
                0x0000000008004ad4                HAL_TIMEx_BreakCallback
 .text.HAL_UART_Init
                0x0000000008004ae8       0x9a ./Drivers/STM32F4xx_HAL_Driver/Src/stm32f4xx_hal_uart.o
                0x0000000008004ae8                HAL_UART_Init
 .text.HAL_UART_Transmit
                0x0000000008004b82      0x124 ./Drivers/STM32F4xx_HAL_Driver/Src/stm32f4xx_hal_uart.o
                0x0000000008004b82                HAL_UART_Transmit
 .text.UART_WaitOnFlagUntilTimeout
                0x0000000008004ca6       0xdc ./Drivers/STM32F4xx_HAL_Driver/Src/stm32f4xx_hal_uart.o
 *fill*         0x0000000008004d82        0x2 
 .text.UART_SetConfig
                0x0000000008004d84      0x508 ./Drivers/STM32F4xx_HAL_Driver/Src/stm32f4xx_hal_uart.o
 .text.memset   0x000000000800528c       0x10 C:/ST/STM32CubeIDE_1.13.1/STM32CubeIDE/plugins/com.st.stm32cube.ide.mcu.externaltools.gnu-tools-for-stm32.11.3.rel1.win32_1.1.0.202305231506/tools/bin/../lib/gcc/arm-none-eabi/11.3.1/../../../../arm-none-eabi/lib/thumb/v7e-m+fp/hard\libc_nano.a(libc_a-memset.o)
                0x000000000800528c                memset
 .text.__libc_init_array
                0x000000000800529c       0x48 C:/ST/STM32CubeIDE_1.13.1/STM32CubeIDE/plugins/com.st.stm32cube.ide.mcu.externaltools.gnu-tools-for-stm32.11.3.rel1.win32_1.1.0.202305231506/tools/bin/../lib/gcc/arm-none-eabi/11.3.1/../../../../arm-none-eabi/lib/thumb/v7e-m+fp/hard\libc_nano.a(libc_a-init.o)
                0x000000000800529c                __libc_init_array
 *(.glue_7)
 .glue_7        0x00000000080052e4        0x0 linker stubs
 *(.glue_7t)
 .glue_7t       0x00000000080052e4        0x0 linker stubs
 *(.eh_frame)
 .eh_frame      0x00000000080052e4        0x0 C:/ST/STM32CubeIDE_1.13.1/STM32CubeIDE/plugins/com.st.stm32cube.ide.mcu.externaltools.gnu-tools-for-stm32.11.3.rel1.win32_1.1.0.202305231506/tools/bin/../lib/gcc/arm-none-eabi/11.3.1/thumb/v7e-m+fp/hard/crtbegin.o
 *(.init)
 .init          0x00000000080052e4        0x4 C:/ST/STM32CubeIDE_1.13.1/STM32CubeIDE/plugins/com.st.stm32cube.ide.mcu.externaltools.gnu-tools-for-stm32.11.3.rel1.win32_1.1.0.202305231506/tools/bin/../lib/gcc/arm-none-eabi/11.3.1/thumb/v7e-m+fp/hard/crti.o
                0x00000000080052e4                _init
 .init          0x00000000080052e8        0x8 C:/ST/STM32CubeIDE_1.13.1/STM32CubeIDE/plugins/com.st.stm32cube.ide.mcu.externaltools.gnu-tools-for-stm32.11.3.rel1.win32_1.1.0.202305231506/tools/bin/../lib/gcc/arm-none-eabi/11.3.1/thumb/v7e-m+fp/hard/crtn.o
 *(.fini)
 .fini          0x00000000080052f0        0x4 C:/ST/STM32CubeIDE_1.13.1/STM32CubeIDE/plugins/com.st.stm32cube.ide.mcu.externaltools.gnu-tools-for-stm32.11.3.rel1.win32_1.1.0.202305231506/tools/bin/../lib/gcc/arm-none-eabi/11.3.1/thumb/v7e-m+fp/hard/crti.o
                0x00000000080052f0                _fini
 .fini          0x00000000080052f4        0x8 C:/ST/STM32CubeIDE_1.13.1/STM32CubeIDE/plugins/com.st.stm32cube.ide.mcu.externaltools.gnu-tools-for-stm32.11.3.rel1.win32_1.1.0.202305231506/tools/bin/../lib/gcc/arm-none-eabi/11.3.1/thumb/v7e-m+fp/hard/crtn.o
                0x00000000080052fc                . = ALIGN (0x4)
                0x00000000080052fc                _etext = .

.vfp11_veneer   0x00000000080052fc        0x0
 .vfp11_veneer  0x00000000080052fc        0x0 linker stubs

.v4_bx          0x00000000080052fc        0x0
 .v4_bx         0x00000000080052fc        0x0 linker stubs

.iplt           0x00000000080052fc        0x0
 .iplt          0x00000000080052fc        0x0 C:/ST/STM32CubeIDE_1.13.1/STM32CubeIDE/plugins/com.st.stm32cube.ide.mcu.externaltools.gnu-tools-for-stm32.11.3.rel1.win32_1.1.0.202305231506/tools/bin/../lib/gcc/arm-none-eabi/11.3.1/thumb/v7e-m+fp/hard/crtbegin.o

.rodata         0x00000000080052fc       0x18
                0x00000000080052fc                . = ALIGN (0x4)
 *(.rodata)
 *(.rodata*)
 .rodata.AHBPrescTable
                0x00000000080052fc       0x10 ./Core/Src/system_stm32f4xx.o
                0x00000000080052fc                AHBPrescTable
 .rodata.APBPrescTable
                0x000000000800530c        0x8 ./Core/Src/system_stm32f4xx.o
                0x000000000800530c                APBPrescTable
                0x0000000008005314                . = ALIGN (0x4)

.ARM.extab      0x0000000008005314        0x0
                0x0000000008005314                . = ALIGN (0x4)
 *(.ARM.extab* .gnu.linkonce.armextab.*)
                0x0000000008005314                . = ALIGN (0x4)

.ARM            0x0000000008005314        0x8
                0x0000000008005314                . = ALIGN (0x4)
                0x0000000008005314                __exidx_start = .
 *(.ARM.exidx*)
 .ARM.exidx     0x0000000008005314        0x8 C:/ST/STM32CubeIDE_1.13.1/STM32CubeIDE/plugins/com.st.stm32cube.ide.mcu.externaltools.gnu-tools-for-stm32.11.3.rel1.win32_1.1.0.202305231506/tools/bin/../lib/gcc/arm-none-eabi/11.3.1/thumb/v7e-m+fp/hard\libgcc.a(_udivmoddi4.o)
                0x000000000800531c                __exidx_end = .
                0x000000000800531c                . = ALIGN (0x4)

.rel.dyn        0x000000000800531c        0x0
 .rel.iplt      0x000000000800531c        0x0 C:/ST/STM32CubeIDE_1.13.1/STM32CubeIDE/plugins/com.st.stm32cube.ide.mcu.externaltools.gnu-tools-for-stm32.11.3.rel1.win32_1.1.0.202305231506/tools/bin/../lib/gcc/arm-none-eabi/11.3.1/thumb/v7e-m+fp/hard/crtbegin.o

.preinit_array  0x000000000800531c        0x0
                0x000000000800531c                . = ALIGN (0x4)
                0x000000000800531c                PROVIDE (__preinit_array_start = .)
 *(.preinit_array*)
                0x000000000800531c                PROVIDE (__preinit_array_end = .)
                0x000000000800531c                . = ALIGN (0x4)

.init_array     0x000000000800531c        0x4
                0x000000000800531c                . = ALIGN (0x4)
                0x000000000800531c                PROVIDE (__init_array_start = .)
 *(SORT_BY_NAME(.init_array.*))
 *(.init_array*)
 .init_array    0x000000000800531c        0x4 C:/ST/STM32CubeIDE_1.13.1/STM32CubeIDE/plugins/com.st.stm32cube.ide.mcu.externaltools.gnu-tools-for-stm32.11.3.rel1.win32_1.1.0.202305231506/tools/bin/../lib/gcc/arm-none-eabi/11.3.1/thumb/v7e-m+fp/hard/crtbegin.o
                0x0000000008005320                PROVIDE (__init_array_end = .)
                0x0000000008005320                . = ALIGN (0x4)

.fini_array     0x0000000008005320        0x4
                0x0000000008005320                . = ALIGN (0x4)
                [!provide]                        PROVIDE (__fini_array_start = .)
 *(SORT_BY_NAME(.fini_array.*))
 *(.fini_array*)
 .fini_array    0x0000000008005320        0x4 C:/ST/STM32CubeIDE_1.13.1/STM32CubeIDE/plugins/com.st.stm32cube.ide.mcu.externaltools.gnu-tools-for-stm32.11.3.rel1.win32_1.1.0.202305231506/tools/bin/../lib/gcc/arm-none-eabi/11.3.1/thumb/v7e-m+fp/hard/crtbegin.o
                [!provide]                        PROVIDE (__fini_array_end = .)
                0x0000000008005324                . = ALIGN (0x4)
                0x0000000008005324                _sidata = LOADADDR (.data)

.data           0x0000000020000000        0xc load address 0x0000000008005324
                0x0000000020000000                . = ALIGN (0x4)
                0x0000000020000000                _sdata = .
 *(.data)
 *(.data*)
 .data.SystemCoreClock
                0x0000000020000000        0x4 ./Core/Src/system_stm32f4xx.o
                0x0000000020000000                SystemCoreClock
 .data.uwTickPrio
                0x0000000020000004        0x4 ./Drivers/STM32F4xx_HAL_Driver/Src/stm32f4xx_hal.o
                0x0000000020000004                uwTickPrio
 .data.uwTickFreq
                0x0000000020000008        0x1 ./Drivers/STM32F4xx_HAL_Driver/Src/stm32f4xx_hal.o
                0x0000000020000008                uwTickFreq
 *(.RamFunc)
 *(.RamFunc*)
                0x000000002000000c                . = ALIGN (0x4)
 *fill*         0x0000000020000009        0x3 
                0x000000002000000c                _edata = .

.igot.plt       0x000000002000000c        0x0 load address 0x0000000008005330
 .igot.plt      0x000000002000000c        0x0 C:/ST/STM32CubeIDE_1.13.1/STM32CubeIDE/plugins/com.st.stm32cube.ide.mcu.externaltools.gnu-tools-for-stm32.11.3.rel1.win32_1.1.0.202305231506/tools/bin/../lib/gcc/arm-none-eabi/11.3.1/thumb/v7e-m+fp/hard/crtbegin.o
                0x000000002000000c                . = ALIGN (0x4)

.bss            0x000000002000000c      0x3b4 load address 0x0000000008005330
                0x000000002000000c                _sbss = .
                0x000000002000000c                __bss_start__ = _sbss
 *(.bss)
 .bss           0x000000002000000c       0x1c C:/ST/STM32CubeIDE_1.13.1/STM32CubeIDE/plugins/com.st.stm32cube.ide.mcu.externaltools.gnu-tools-for-stm32.11.3.rel1.win32_1.1.0.202305231506/tools/bin/../lib/gcc/arm-none-eabi/11.3.1/thumb/v7e-m+fp/hard/crtbegin.o
 *(.bss*)
 .bss.hadc1     0x0000000020000028       0x48 ./Core/Src/main.o
                0x0000000020000028                hadc1
 .bss.hdfsdm2_filter0
                0x0000000020000070       0x54 ./Core/Src/main.o
                0x0000000020000070                hdfsdm2_filter0
 .bss.hdfsdm2_filter1
                0x00000000200000c4       0x54 ./Core/Src/main.o
                0x00000000200000c4                hdfsdm2_filter1
 .bss.hdfsdm2_filter2
                0x0000000020000118       0x54 ./Core/Src/main.o
                0x0000000020000118                hdfsdm2_filter2
 .bss.hdfsdm2_channel1
                0x000000002000016c       0x38 ./Core/Src/main.o
                0x000000002000016c                hdfsdm2_channel1
 .bss.hdfsdm2_channel2
                0x00000000200001a4       0x38 ./Core/Src/main.o
                0x00000000200001a4                hdfsdm2_channel2
 .bss.hdfsdm2_channel3
                0x00000000200001dc       0x38 ./Core/Src/main.o
                0x00000000200001dc                hdfsdm2_channel3
 .bss.htim1     0x0000000020000214       0x48 ./Core/Src/main.o
                0x0000000020000214                htim1
 .bss.htim2     0x000000002000025c       0x48 ./Core/Src/main.o
                0x000000002000025c                htim2
 .bss.htim3     0x00000000200002a4       0x48 ./Core/Src/main.o
                0x00000000200002a4                htim3
 .bss.htim4     0x00000000200002ec       0x48 ./Core/Src/main.o
                0x00000000200002ec                htim4
 .bss.huart4    0x0000000020000334       0x44 ./Core/Src/main.o
                0x0000000020000334                huart4
 .bss.dfsdmValue
                0x0000000020000378        0x4 ./Core/Src/main.o
                0x0000000020000378                dfsdmValue
 .bss.HAL_RCC_DFSDM2_CLK_ENABLED
                0x000000002000037c        0x4 ./Core/Src/stm32f4xx_hal_msp.o
 .bss.DFSDM2_Init
                0x0000000020000380        0x4 ./Core/Src/stm32f4xx_hal_msp.o
 .bss.uwTick    0x0000000020000384        0x4 ./Drivers/STM32F4xx_HAL_Driver/Src/stm32f4xx_hal.o
                0x0000000020000384                uwTick
 .bss.v_dfsdm1ChannelCounter
                0x0000000020000388        0x4 ./Drivers/STM32F4xx_HAL_Driver/Src/stm32f4xx_hal_dfsdm.o
                0x0000000020000388                v_dfsdm1ChannelCounter
 .bss.a_dfsdm1ChannelHandle
                0x000000002000038c       0x10 ./Drivers/STM32F4xx_HAL_Driver/Src/stm32f4xx_hal_dfsdm.o
                0x000000002000038c                a_dfsdm1ChannelHandle
 .bss.v_dfsdm2ChannelCounter
                0x000000002000039c        0x4 ./Drivers/STM32F4xx_HAL_Driver/Src/stm32f4xx_hal_dfsdm.o
                0x000000002000039c                v_dfsdm2ChannelCounter
 .bss.a_dfsdm2ChannelHandle
                0x00000000200003a0       0x20 ./Drivers/STM32F4xx_HAL_Driver/Src/stm32f4xx_hal_dfsdm.o
                0x00000000200003a0                a_dfsdm2ChannelHandle
 *(COMMON)
                0x00000000200003c0                . = ALIGN (0x4)
                0x00000000200003c0                _ebss = .
                0x00000000200003c0                __bss_end__ = _ebss

._user_heap_stack
                0x00000000200003c0      0x600 load address 0x0000000008005330
                0x00000000200003c0                . = ALIGN (0x8)
                [!provide]                        PROVIDE (end = .)
                0x00000000200003c0                PROVIDE (_end = .)
                0x00000000200005c0                . = (. + _Min_Heap_Size)
 *fill*         0x00000000200003c0      0x200 
                0x00000000200009c0                . = (. + _Min_Stack_Size)
 *fill*         0x00000000200005c0      0x400 
                0x00000000200009c0                . = ALIGN (0x8)

/DISCARD/
 libc.a(*)
 libm.a(*)
 libgcc.a(*)

.ARM.attributes
                0x0000000000000000       0x30
 *(.ARM.attributes)
 .ARM.attributes
                0x0000000000000000       0x1e C:/ST/STM32CubeIDE_1.13.1/STM32CubeIDE/plugins/com.st.stm32cube.ide.mcu.externaltools.gnu-tools-for-stm32.11.3.rel1.win32_1.1.0.202305231506/tools/bin/../lib/gcc/arm-none-eabi/11.3.1/thumb/v7e-m+fp/hard/crti.o
 .ARM.attributes
                0x000000000000001e       0x34 C:/ST/STM32CubeIDE_1.13.1/STM32CubeIDE/plugins/com.st.stm32cube.ide.mcu.externaltools.gnu-tools-for-stm32.11.3.rel1.win32_1.1.0.202305231506/tools/bin/../lib/gcc/arm-none-eabi/11.3.1/thumb/v7e-m+fp/hard/crtbegin.o
 .ARM.attributes
                0x0000000000000052       0x34 ./Core/Src/main.o
 .ARM.attributes
                0x0000000000000086       0x34 ./Core/Src/stm32f4xx_hal_msp.o
 .ARM.attributes
                0x00000000000000ba       0x34 ./Core/Src/stm32f4xx_it.o
 .ARM.attributes
                0x00000000000000ee       0x34 ./Core/Src/system_stm32f4xx.o
 .ARM.attributes
                0x0000000000000122       0x21 ./Core/Startup/startup_stm32f413rgtx.o
 .ARM.attributes
                0x0000000000000143       0x34 ./Drivers/STM32F4xx_HAL_Driver/Src/stm32f4xx_hal.o
 .ARM.attributes
                0x0000000000000177       0x34 ./Drivers/STM32F4xx_HAL_Driver/Src/stm32f4xx_hal_adc.o
 .ARM.attributes
                0x00000000000001ab       0x34 ./Drivers/STM32F4xx_HAL_Driver/Src/stm32f4xx_hal_cortex.o
 .ARM.attributes
                0x00000000000001df       0x34 ./Drivers/STM32F4xx_HAL_Driver/Src/stm32f4xx_hal_dfsdm.o
 .ARM.attributes
                0x0000000000000213       0x34 ./Drivers/STM32F4xx_HAL_Driver/Src/stm32f4xx_hal_gpio.o
 .ARM.attributes
                0x0000000000000247       0x34 ./Drivers/STM32F4xx_HAL_Driver/Src/stm32f4xx_hal_rcc.o
 .ARM.attributes
                0x000000000000027b       0x34 ./Drivers/STM32F4xx_HAL_Driver/Src/stm32f4xx_hal_rcc_ex.o
 .ARM.attributes
                0x00000000000002af       0x34 ./Drivers/STM32F4xx_HAL_Driver/Src/stm32f4xx_hal_tim.o
 .ARM.attributes
                0x00000000000002e3       0x34 ./Drivers/STM32F4xx_HAL_Driver/Src/stm32f4xx_hal_tim_ex.o
 .ARM.attributes
                0x0000000000000317       0x34 ./Drivers/STM32F4xx_HAL_Driver/Src/stm32f4xx_hal_uart.o
 .ARM.attributes
                0x000000000000034b       0x34 C:/ST/STM32CubeIDE_1.13.1/STM32CubeIDE/plugins/com.st.stm32cube.ide.mcu.externaltools.gnu-tools-for-stm32.11.3.rel1.win32_1.1.0.202305231506/tools/bin/../lib/gcc/arm-none-eabi/11.3.1/../../../../arm-none-eabi/lib/thumb/v7e-m+fp/hard\libc_nano.a(libc_a-memset.o)
 .ARM.attributes
                0x000000000000037f       0x34 C:/ST/STM32CubeIDE_1.13.1/STM32CubeIDE/plugins/com.st.stm32cube.ide.mcu.externaltools.gnu-tools-for-stm32.11.3.rel1.win32_1.1.0.202305231506/tools/bin/../lib/gcc/arm-none-eabi/11.3.1/../../../../arm-none-eabi/lib/thumb/v7e-m+fp/hard\libc_nano.a(libc_a-init.o)
 .ARM.attributes
                0x00000000000003b3       0x1e C:/ST/STM32CubeIDE_1.13.1/STM32CubeIDE/plugins/com.st.stm32cube.ide.mcu.externaltools.gnu-tools-for-stm32.11.3.rel1.win32_1.1.0.202305231506/tools/bin/../lib/gcc/arm-none-eabi/11.3.1/thumb/v7e-m+fp/hard\libgcc.a(_aeabi_uldivmod.o)
 .ARM.attributes
                0x00000000000003d1       0x34 C:/ST/STM32CubeIDE_1.13.1/STM32CubeIDE/plugins/com.st.stm32cube.ide.mcu.externaltools.gnu-tools-for-stm32.11.3.rel1.win32_1.1.0.202305231506/tools/bin/../lib/gcc/arm-none-eabi/11.3.1/thumb/v7e-m+fp/hard\libgcc.a(_udivmoddi4.o)
 .ARM.attributes
                0x0000000000000405       0x1e C:/ST/STM32CubeIDE_1.13.1/STM32CubeIDE/plugins/com.st.stm32cube.ide.mcu.externaltools.gnu-tools-for-stm32.11.3.rel1.win32_1.1.0.202305231506/tools/bin/../lib/gcc/arm-none-eabi/11.3.1/thumb/v7e-m+fp/hard\libgcc.a(_dvmd_tls.o)
 .ARM.attributes
                0x0000000000000423       0x1e C:/ST/STM32CubeIDE_1.13.1/STM32CubeIDE/plugins/com.st.stm32cube.ide.mcu.externaltools.gnu-tools-for-stm32.11.3.rel1.win32_1.1.0.202305231506/tools/bin/../lib/gcc/arm-none-eabi/11.3.1/thumb/v7e-m+fp/hard/crtn.o
OUTPUT(high voltage servo drive.elf elf32-littlearm)
LOAD linker stubs
LOAD C:/ST/STM32CubeIDE_1.13.1/STM32CubeIDE/plugins/com.st.stm32cube.ide.mcu.externaltools.gnu-tools-for-stm32.11.3.rel1.win32_1.1.0.202305231506/tools/bin/../lib/gcc/arm-none-eabi/11.3.1/../../../../arm-none-eabi/lib/thumb/v7e-m+fp/hard\libc.a
LOAD C:/ST/STM32CubeIDE_1.13.1/STM32CubeIDE/plugins/com.st.stm32cube.ide.mcu.externaltools.gnu-tools-for-stm32.11.3.rel1.win32_1.1.0.202305231506/tools/bin/../lib/gcc/arm-none-eabi/11.3.1/../../../../arm-none-eabi/lib/thumb/v7e-m+fp/hard\libm.a
LOAD C:/ST/STM32CubeIDE_1.13.1/STM32CubeIDE/plugins/com.st.stm32cube.ide.mcu.externaltools.gnu-tools-for-stm32.11.3.rel1.win32_1.1.0.202305231506/tools/bin/../lib/gcc/arm-none-eabi/11.3.1/thumb/v7e-m+fp/hard\libgcc.a

.comment        0x0000000000000000       0x43
 .comment       0x0000000000000000       0x43 C:/ST/STM32CubeIDE_1.13.1/STM32CubeIDE/plugins/com.st.stm32cube.ide.mcu.externaltools.gnu-tools-for-stm32.11.3.rel1.win32_1.1.0.202305231506/tools/bin/../lib/gcc/arm-none-eabi/11.3.1/thumb/v7e-m+fp/hard/crtbegin.o
                                         0x44 (size before relaxing)
 .comment       0x0000000000000043       0x44 ./Core/Src/main.o
 .comment       0x0000000000000043       0x44 ./Core/Src/stm32f4xx_hal_msp.o
 .comment       0x0000000000000043       0x44 ./Core/Src/stm32f4xx_it.o
 .comment       0x0000000000000043       0x44 ./Core/Src/system_stm32f4xx.o
 .comment       0x0000000000000043       0x44 ./Drivers/STM32F4xx_HAL_Driver/Src/stm32f4xx_hal.o
 .comment       0x0000000000000043       0x44 ./Drivers/STM32F4xx_HAL_Driver/Src/stm32f4xx_hal_adc.o
 .comment       0x0000000000000043       0x44 ./Drivers/STM32F4xx_HAL_Driver/Src/stm32f4xx_hal_cortex.o
 .comment       0x0000000000000043       0x44 ./Drivers/STM32F4xx_HAL_Driver/Src/stm32f4xx_hal_dfsdm.o
 .comment       0x0000000000000043       0x44 ./Drivers/STM32F4xx_HAL_Driver/Src/stm32f4xx_hal_gpio.o
 .comment       0x0000000000000043       0x44 ./Drivers/STM32F4xx_HAL_Driver/Src/stm32f4xx_hal_rcc.o
 .comment       0x0000000000000043       0x44 ./Drivers/STM32F4xx_HAL_Driver/Src/stm32f4xx_hal_rcc_ex.o
 .comment       0x0000000000000043       0x44 ./Drivers/STM32F4xx_HAL_Driver/Src/stm32f4xx_hal_tim.o
 .comment       0x0000000000000043       0x44 ./Drivers/STM32F4xx_HAL_Driver/Src/stm32f4xx_hal_tim_ex.o
 .comment       0x0000000000000043       0x44 ./Drivers/STM32F4xx_HAL_Driver/Src/stm32f4xx_hal_uart.o

.debug_info     0x0000000000000000    0x11244
 .debug_info    0x0000000000000000     0x1d54 ./Core/Src/main.o
 .debug_info    0x0000000000001d54     0x1c81 ./Core/Src/stm32f4xx_hal_msp.o
 .debug_info    0x00000000000039d5      0x6e1 ./Core/Src/stm32f4xx_it.o
 .debug_info    0x00000000000040b6      0x54a ./Core/Src/system_stm32f4xx.o
 .debug_info    0x0000000000004600       0x23 ./Core/Startup/startup_stm32f413rgtx.o
 .debug_info    0x0000000000004623      0x9ce ./Drivers/STM32F4xx_HAL_Driver/Src/stm32f4xx_hal.o
 .debug_info    0x0000000000004ff1      0xcd4 ./Drivers/STM32F4xx_HAL_Driver/Src/stm32f4xx_hal_adc.o
 .debug_info    0x0000000000005cc5      0xd94 ./Drivers/STM32F4xx_HAL_Driver/Src/stm32f4xx_hal_cortex.o
 .debug_info    0x0000000000006a59     0x1f6b ./Drivers/STM32F4xx_HAL_Driver/Src/stm32f4xx_hal_dfsdm.o
 .debug_info    0x00000000000089c4      0x723 ./Drivers/STM32F4xx_HAL_Driver/Src/stm32f4xx_hal_gpio.o
 .debug_info    0x00000000000090e7      0x8ed ./Drivers/STM32F4xx_HAL_Driver/Src/stm32f4xx_hal_rcc.o
 .debug_info    0x00000000000099d4      0x82c ./Drivers/STM32F4xx_HAL_Driver/Src/stm32f4xx_hal_rcc_ex.o
 .debug_info    0x000000000000a200     0x2948 ./Drivers/STM32F4xx_HAL_Driver/Src/stm32f4xx_hal_tim.o
 .debug_info    0x000000000000cb48     0x1744 ./Drivers/STM32F4xx_HAL_Driver/Src/stm32f4xx_hal_tim_ex.o
 .debug_info    0x000000000000e28c     0x2fb8 ./Drivers/STM32F4xx_HAL_Driver/Src/stm32f4xx_hal_uart.o

.debug_abbrev   0x0000000000000000     0x2087
 .debug_abbrev  0x0000000000000000      0x2fa ./Core/Src/main.o
 .debug_abbrev  0x00000000000002fa      0x248 ./Core/Src/stm32f4xx_hal_msp.o
 .debug_abbrev  0x0000000000000542      0x192 ./Core/Src/stm32f4xx_it.o
 .debug_abbrev  0x00000000000006d4      0x11a ./Core/Src/system_stm32f4xx.o
 .debug_abbrev  0x00000000000007ee       0x12 ./Core/Startup/startup_stm32f413rgtx.o
 .debug_abbrev  0x0000000000000800      0x213 ./Drivers/STM32F4xx_HAL_Driver/Src/stm32f4xx_hal.o
 .debug_abbrev  0x0000000000000a13      0x252 ./Drivers/STM32F4xx_HAL_Driver/Src/stm32f4xx_hal_adc.o
 .debug_abbrev  0x0000000000000c65      0x327 ./Drivers/STM32F4xx_HAL_Driver/Src/stm32f4xx_hal_cortex.o
 .debug_abbrev  0x0000000000000f8c      0x289 ./Drivers/STM32F4xx_HAL_Driver/Src/stm32f4xx_hal_dfsdm.o
 .debug_abbrev  0x0000000000001215      0x1d4 ./Drivers/STM32F4xx_HAL_Driver/Src/stm32f4xx_hal_gpio.o
 .debug_abbrev  0x00000000000013e9      0x2b6 ./Drivers/STM32F4xx_HAL_Driver/Src/stm32f4xx_hal_rcc.o
 .debug_abbrev  0x000000000000169f      0x1e4 ./Drivers/STM32F4xx_HAL_Driver/Src/stm32f4xx_hal_rcc_ex.o
 .debug_abbrev  0x0000000000001883      0x271 ./Drivers/STM32F4xx_HAL_Driver/Src/stm32f4xx_hal_tim.o
 .debug_abbrev  0x0000000000001af4      0x285 ./Drivers/STM32F4xx_HAL_Driver/Src/stm32f4xx_hal_tim_ex.o
 .debug_abbrev  0x0000000000001d79      0x30e ./Drivers/STM32F4xx_HAL_Driver/Src/stm32f4xx_hal_uart.o

.debug_aranges  0x0000000000000000      0xfe0
 .debug_aranges
                0x0000000000000000       0x90 ./Core/Src/main.o
 .debug_aranges
                0x0000000000000090       0x88 ./Core/Src/stm32f4xx_hal_msp.o
 .debug_aranges
                0x0000000000000118       0x68 ./Core/Src/stm32f4xx_it.o
 .debug_aranges
                0x0000000000000180       0x28 ./Core/Src/system_stm32f4xx.o
 .debug_aranges
                0x00000000000001a8       0x28 ./Core/Startup/startup_stm32f413rgtx.o
 .debug_aranges
                0x00000000000001d0       0xf0 ./Drivers/STM32F4xx_HAL_Driver/Src/stm32f4xx_hal.o
 .debug_aranges
                0x00000000000002c0       0xe8 ./Drivers/STM32F4xx_HAL_Driver/Src/stm32f4xx_hal_adc.o
 .debug_aranges
                0x00000000000003a8      0x118 ./Drivers/STM32F4xx_HAL_Driver/Src/stm32f4xx_hal_cortex.o
 .debug_aranges
                0x00000000000004c0      0x2a8 ./Drivers/STM32F4xx_HAL_Driver/Src/stm32f4xx_hal_dfsdm.o
 .debug_aranges
                0x0000000000000768       0x58 ./Drivers/STM32F4xx_HAL_Driver/Src/stm32f4xx_hal_gpio.o
 .debug_aranges
                0x00000000000007c0       0x88 ./Drivers/STM32F4xx_HAL_Driver/Src/stm32f4xx_hal_rcc.o
 .debug_aranges
                0x0000000000000848       0x60 ./Drivers/STM32F4xx_HAL_Driver/Src/stm32f4xx_hal_rcc_ex.o
 .debug_aranges
                0x00000000000008a8      0x3d0 ./Drivers/STM32F4xx_HAL_Driver/Src/stm32f4xx_hal_tim.o
 .debug_aranges
                0x0000000000000c78      0x168 ./Drivers/STM32F4xx_HAL_Driver/Src/stm32f4xx_hal_tim_ex.o
 .debug_aranges
                0x0000000000000de0      0x200 ./Drivers/STM32F4xx_HAL_Driver/Src/stm32f4xx_hal_uart.o

.debug_rnglists
                0x0000000000000000      0xc82
 .debug_rnglists
                0x0000000000000000       0x70 ./Core/Src/main.o
 .debug_rnglists
                0x0000000000000070       0x69 ./Core/Src/stm32f4xx_hal_msp.o
 .debug_rnglists
                0x00000000000000d9       0x49 ./Core/Src/stm32f4xx_it.o
 .debug_rnglists
                0x0000000000000122       0x1a ./Core/Src/system_stm32f4xx.o
 .debug_rnglists
                0x000000000000013c       0x19 ./Core/Startup/startup_stm32f413rgtx.o
 .debug_rnglists
                0x0000000000000155       0xaf ./Drivers/STM32F4xx_HAL_Driver/Src/stm32f4xx_hal.o
 .debug_rnglists
                0x0000000000000204       0xb5 ./Drivers/STM32F4xx_HAL_Driver/Src/stm32f4xx_hal_adc.o
 .debug_rnglists
                0x00000000000002b9       0xce ./Drivers/STM32F4xx_HAL_Driver/Src/stm32f4xx_hal_cortex.o
 .debug_rnglists
                0x0000000000000387      0x215 ./Drivers/STM32F4xx_HAL_Driver/Src/stm32f4xx_hal_dfsdm.o
 .debug_rnglists
                0x000000000000059c       0x3f ./Drivers/STM32F4xx_HAL_Driver/Src/stm32f4xx_hal_gpio.o
 .debug_rnglists
                0x00000000000005db       0x66 ./Drivers/STM32F4xx_HAL_Driver/Src/stm32f4xx_hal_rcc.o
 .debug_rnglists
                0x0000000000000641       0x4a ./Drivers/STM32F4xx_HAL_Driver/Src/stm32f4xx_hal_rcc_ex.o
 .debug_rnglists
                0x000000000000068b      0x31a ./Drivers/STM32F4xx_HAL_Driver/Src/stm32f4xx_hal_tim.o
 .debug_rnglists
                0x00000000000009a5      0x126 ./Drivers/STM32F4xx_HAL_Driver/Src/stm32f4xx_hal_tim_ex.o
 .debug_rnglists
                0x0000000000000acb      0x1b7 ./Drivers/STM32F4xx_HAL_Driver/Src/stm32f4xx_hal_uart.o

.debug_macro    0x0000000000000000    0x21e63
 .debug_macro   0x0000000000000000      0x20a ./Core/Src/main.o
 .debug_macro   0x000000000000020a      0xaa8 ./Core/Src/main.o
 .debug_macro   0x0000000000000cb2      0x2a7 ./Core/Src/main.o
 .debug_macro   0x0000000000000f59       0x2e ./Core/Src/main.o
 .debug_macro   0x0000000000000f87       0x28 ./Core/Src/main.o
 .debug_macro   0x0000000000000faf       0x22 ./Core/Src/main.o
 .debug_macro   0x0000000000000fd1       0x8e ./Core/Src/main.o
 .debug_macro   0x000000000000105f       0x51 ./Core/Src/main.o
 .debug_macro   0x00000000000010b0      0x103 ./Core/Src/main.o
 .debug_macro   0x00000000000011b3       0x6a ./Core/Src/main.o
 .debug_macro   0x000000000000121d      0x1df ./Core/Src/main.o
 .debug_macro   0x00000000000013fc       0x1c ./Core/Src/main.o
 .debug_macro   0x0000000000001418       0x22 ./Core/Src/main.o
 .debug_macro   0x000000000000143a       0xd9 ./Core/Src/main.o
 .debug_macro   0x0000000000001513     0x102d ./Core/Src/main.o
 .debug_macro   0x0000000000002540      0x11f ./Core/Src/main.o
 .debug_macro   0x000000000000265f    0x15a8b ./Core/Src/main.o
 .debug_macro   0x00000000000180ea       0x6d ./Core/Src/main.o
 .debug_macro   0x0000000000018157     0x367e ./Core/Src/main.o
 .debug_macro   0x000000000001b7d5      0x174 ./Core/Src/main.o
 .debug_macro   0x000000000001b949       0x5c ./Core/Src/main.o
 .debug_macro   0x000000000001b9a5      0xcdd ./Core/Src/main.o
 .debug_macro   0x000000000001c682      0x9fe ./Core/Src/main.o
 .debug_macro   0x000000000001d080      0x115 ./Core/Src/main.o
 .debug_macro   0x000000000001d195      0x202 ./Core/Src/main.o
 .debug_macro   0x000000000001d397       0xa5 ./Core/Src/main.o
 .debug_macro   0x000000000001d43c      0x173 ./Core/Src/main.o
 .debug_macro   0x000000000001d5af      0x2bf ./Core/Src/main.o
 .debug_macro   0x000000000001d86e       0x5f ./Core/Src/main.o
 .debug_macro   0x000000000001d8cd      0x236 ./Core/Src/main.o
 .debug_macro   0x000000000001db03      0x9e1 ./Core/Src/main.o
 .debug_macro   0x000000000001e4e4      0x38b ./Core/Src/main.o
 .debug_macro   0x000000000001e86f      0x17d ./Core/Src/main.o
 .debug_macro   0x000000000001e9ec       0xf9 ./Core/Src/main.o
 .debug_macro   0x000000000001eae5      0x132 ./Core/Src/main.o
 .debug_macro   0x000000000001ec17      0x30c ./Core/Src/main.o
 .debug_macro   0x000000000001ef23       0x2e ./Core/Src/main.o
 .debug_macro   0x000000000001ef51      0x11a ./Core/Src/main.o
 .debug_macro   0x000000000001f06b       0x91 ./Core/Src/main.o
 .debug_macro   0x000000000001f0fc       0x89 ./Core/Src/main.o
 .debug_macro   0x000000000001f185      0x8e6 ./Core/Src/main.o
 .debug_macro   0x000000000001fa6b       0x71 ./Core/Src/main.o
 .debug_macro   0x000000000001fadc      0x295 ./Core/Src/main.o
 .debug_macro   0x000000000001fd71      0x4e8 ./Core/Src/main.o
 .debug_macro   0x0000000000020259      0x134 ./Core/Src/main.o
 .debug_macro   0x000000000002038d      0x20a ./Core/Src/stm32f4xx_hal_msp.o
 .debug_macro   0x0000000000020597      0x214 ./Core/Src/stm32f4xx_it.o
 .debug_macro   0x00000000000207ab      0x200 ./Core/Src/system_stm32f4xx.o
 .debug_macro   0x00000000000209ab      0x260 ./Drivers/STM32F4xx_HAL_Driver/Src/stm32f4xx_hal.o
 .debug_macro   0x0000000000020c0b      0x201 ./Drivers/STM32F4xx_HAL_Driver/Src/stm32f4xx_hal_adc.o
 .debug_macro   0x0000000000020e0c      0x200 ./Drivers/STM32F4xx_HAL_Driver/Src/stm32f4xx_hal_cortex.o
 .debug_macro   0x000000000002100c      0x22b ./Drivers/STM32F4xx_HAL_Driver/Src/stm32f4xx_hal_dfsdm.o
 .debug_macro   0x0000000000021237      0x206 ./Drivers/STM32F4xx_HAL_Driver/Src/stm32f4xx_hal_gpio.o
 .debug_macro   0x000000000002143d      0x224 ./Drivers/STM32F4xx_HAL_Driver/Src/stm32f4xx_hal_rcc.o
 .debug_macro   0x0000000000021661      0x200 ./Drivers/STM32F4xx_HAL_Driver/Src/stm32f4xx_hal_rcc_ex.o
 .debug_macro   0x0000000000021861      0x201 ./Drivers/STM32F4xx_HAL_Driver/Src/stm32f4xx_hal_tim.o
 .debug_macro   0x0000000000021a62      0x200 ./Drivers/STM32F4xx_HAL_Driver/Src/stm32f4xx_hal_tim_ex.o
 .debug_macro   0x0000000000021c62      0x201 ./Drivers/STM32F4xx_HAL_Driver/Src/stm32f4xx_hal_uart.o

.debug_line     0x0000000000000000    0x120be
 .debug_line    0x0000000000000000      0xcaf ./Core/Src/main.o
 .debug_line    0x0000000000000caf      0xb3c ./Core/Src/stm32f4xx_hal_msp.o
 .debug_line    0x00000000000017eb      0x881 ./Core/Src/stm32f4xx_it.o
 .debug_line    0x000000000000206c      0x828 ./Core/Src/system_stm32f4xx.o
 .debug_line    0x0000000000002894       0x7a ./Core/Startup/startup_stm32f413rgtx.o
 .debug_line    0x000000000000290e      0xa8e ./Drivers/STM32F4xx_HAL_Driver/Src/stm32f4xx_hal.o
 .debug_line    0x000000000000339c     0x1232 ./Drivers/STM32F4xx_HAL_Driver/Src/stm32f4xx_hal_adc.o
 .debug_line    0x00000000000045ce      0xd3d ./Drivers/STM32F4xx_HAL_Driver/Src/stm32f4xx_hal_cortex.o
 .debug_line    0x000000000000530b     0x24f2 ./Drivers/STM32F4xx_HAL_Driver/Src/stm32f4xx_hal_dfsdm.o
 .debug_line    0x00000000000077fd      0xbee ./Drivers/STM32F4xx_HAL_Driver/Src/stm32f4xx_hal_gpio.o
 .debug_line    0x00000000000083eb      0xe11 ./Drivers/STM32F4xx_HAL_Driver/Src/stm32f4xx_hal_rcc.o
 .debug_line    0x00000000000091fc     0x116d ./Drivers/STM32F4xx_HAL_Driver/Src/stm32f4xx_hal_rcc_ex.o
 .debug_line    0x000000000000a369     0x377a ./Drivers/STM32F4xx_HAL_Driver/Src/stm32f4xx_hal_tim.o
 .debug_line    0x000000000000dae3     0x1a91 ./Drivers/STM32F4xx_HAL_Driver/Src/stm32f4xx_hal_tim_ex.o
 .debug_line    0x000000000000f574     0x2b4a ./Drivers/STM32F4xx_HAL_Driver/Src/stm32f4xx_hal_uart.o

.debug_str      0x0000000000000000    0xda2fc
 .debug_str     0x0000000000000000    0xd65ba ./Core/Src/main.o
                                      0xd6a43 (size before relaxing)
 .debug_str     0x00000000000d65ba      0x8fd ./Core/Src/stm32f4xx_hal_msp.o
                                      0xd6cbd (size before relaxing)
 .debug_str     0x00000000000d6eb7       0xec ./Core/Src/stm32f4xx_it.o
                                      0xd59d2 (size before relaxing)
 .debug_str     0x00000000000d6fa3       0xdb ./Core/Src/system_stm32f4xx.o
                                      0xd55c2 (size before relaxing)
 .debug_str     0x00000000000d707e       0x34 ./Core/Startup/startup_stm32f413rgtx.o
                                         0x84 (size before relaxing)
 .debug_str     0x00000000000d70b2      0x60d ./Drivers/STM32F4xx_HAL_Driver/Src/stm32f4xx_hal.o
                                      0xd61f8 (size before relaxing)
 .debug_str     0x00000000000d76bf      0x2cb ./Drivers/STM32F4xx_HAL_Driver/Src/stm32f4xx_hal_adc.o
                                      0xd5b8b (size before relaxing)
 .debug_str     0x00000000000d798a      0x31c ./Drivers/STM32F4xx_HAL_Driver/Src/stm32f4xx_hal_cortex.o
                                      0xd5f07 (size before relaxing)
 .debug_str     0x00000000000d7ca6      0xb6e ./Drivers/STM32F4xx_HAL_Driver/Src/stm32f4xx_hal_dfsdm.o
                                      0xd689e (size before relaxing)
 .debug_str     0x00000000000d8814       0xeb ./Drivers/STM32F4xx_HAL_Driver/Src/stm32f4xx_hal_gpio.o
                                      0xd574c (size before relaxing)
 .debug_str     0x00000000000d88ff      0x233 ./Drivers/STM32F4xx_HAL_Driver/Src/stm32f4xx_hal_rcc.o
                                      0xd59fb (size before relaxing)
 .debug_str     0x00000000000d8b32      0x124 ./Drivers/STM32F4xx_HAL_Driver/Src/stm32f4xx_hal_rcc_ex.o
                                      0xd5980 (size before relaxing)
 .debug_str     0x00000000000d8c56      0xcbb ./Drivers/STM32F4xx_HAL_Driver/Src/stm32f4xx_hal_tim.o
                                      0xd6918 (size before relaxing)
 .debug_str     0x00000000000d9911      0x3ef ./Drivers/STM32F4xx_HAL_Driver/Src/stm32f4xx_hal_tim_ex.o
                                      0xd6269 (size before relaxing)
 .debug_str     0x00000000000d9d00      0x5fc ./Drivers/STM32F4xx_HAL_Driver/Src/stm32f4xx_hal_uart.o
                                      0xd5f71 (size before relaxing)

.debug_frame    0x0000000000000000     0x446c
 .debug_frame   0x0000000000000000      0x200 ./Core/Src/main.o
 .debug_frame   0x0000000000000200      0x214 ./Core/Src/stm32f4xx_hal_msp.o
 .debug_frame   0x0000000000000414      0x120 ./Core/Src/stm32f4xx_it.o
 .debug_frame   0x0000000000000534       0x58 ./Core/Src/system_stm32f4xx.o
 .debug_frame   0x000000000000058c      0x374 ./Drivers/STM32F4xx_HAL_Driver/Src/stm32f4xx_hal.o
 .debug_frame   0x0000000000000900      0x3fc ./Drivers/STM32F4xx_HAL_Driver/Src/stm32f4xx_hal_adc.o
 .debug_frame   0x0000000000000cfc      0x498 ./Drivers/STM32F4xx_HAL_Driver/Src/stm32f4xx_hal_cortex.o
 .debug_frame   0x0000000000001194      0xc58 ./Drivers/STM32F4xx_HAL_Driver/Src/stm32f4xx_hal_dfsdm.o
 .debug_frame   0x0000000000001dec      0x14c ./Drivers/STM32F4xx_HAL_Driver/Src/stm32f4xx_hal_gpio.o
 .debug_frame   0x0000000000001f38      0x1f4 ./Drivers/STM32F4xx_HAL_Driver/Src/stm32f4xx_hal_rcc.o
 .debug_frame   0x000000000000212c      0x16c ./Drivers/STM32F4xx_HAL_Driver/Src/stm32f4xx_hal_rcc_ex.o
 .debug_frame   0x0000000000002298     0x11c4 ./Drivers/STM32F4xx_HAL_Driver/Src/stm32f4xx_hal_tim.o
 .debug_frame   0x000000000000345c      0x638 ./Drivers/STM32F4xx_HAL_Driver/Src/stm32f4xx_hal_tim_ex.o
 .debug_frame   0x0000000000003a94      0x92c ./Drivers/STM32F4xx_HAL_Driver/Src/stm32f4xx_hal_uart.o
 .debug_frame   0x00000000000043c0       0x20 C:/ST/STM32CubeIDE_1.13.1/STM32CubeIDE/plugins/com.st.stm32cube.ide.mcu.externaltools.gnu-tools-for-stm32.11.3.rel1.win32_1.1.0.202305231506/tools/bin/../lib/gcc/arm-none-eabi/11.3.1/../../../../arm-none-eabi/lib/thumb/v7e-m+fp/hard\libc_nano.a(libc_a-memset.o)
 .debug_frame   0x00000000000043e0       0x2c C:/ST/STM32CubeIDE_1.13.1/STM32CubeIDE/plugins/com.st.stm32cube.ide.mcu.externaltools.gnu-tools-for-stm32.11.3.rel1.win32_1.1.0.202305231506/tools/bin/../lib/gcc/arm-none-eabi/11.3.1/../../../../arm-none-eabi/lib/thumb/v7e-m+fp/hard\libc_nano.a(libc_a-init.o)
 .debug_frame   0x000000000000440c       0x2c C:/ST/STM32CubeIDE_1.13.1/STM32CubeIDE/plugins/com.st.stm32cube.ide.mcu.externaltools.gnu-tools-for-stm32.11.3.rel1.win32_1.1.0.202305231506/tools/bin/../lib/gcc/arm-none-eabi/11.3.1/thumb/v7e-m+fp/hard\libgcc.a(_aeabi_uldivmod.o)
 .debug_frame   0x0000000000004438       0x34 C:/ST/STM32CubeIDE_1.13.1/STM32CubeIDE/plugins/com.st.stm32cube.ide.mcu.externaltools.gnu-tools-for-stm32.11.3.rel1.win32_1.1.0.202305231506/tools/bin/../lib/gcc/arm-none-eabi/11.3.1/thumb/v7e-m+fp/hard\libgcc.a(_udivmoddi4.o)

.debug_line_str
                0x0000000000000000       0x78
 .debug_line_str
                0x0000000000000000       0x78 ./Core/Startup/startup_stm32f413rgtx.o
                                         0x90 (size before relaxing)
